telescoping: Q-monomials are exactly chain prefixes -> [0, 1, 2, 3, 4]
C_j linear in single e_b (M_{jb} scalars): True
support {(j,b)}: [(0, 0), (0, 1), (0, 2), (0, 3), (0, 4), (1, 0), (1, 1), (1, 2), (1, 3), (2, 0), (2, 1), (2, 2), (3, 0), (3, 1), (4, 0)]
M_00 = (s - 1)*(s*t - 1)*(s*t**2 - 1)*(s*t**3 - 1)
M_01 = s*(s - 1)*(t - 1)*(t + 1)*(t**2 + 1)*(s*t - 1)*(s*t**2 - 1)
M_02 = s**2*(s - 1)*(t - 1)**2*(t + 1)*(t**2 + 1)*(s*t - 1)*(t**2 + t + 1)
M_03 = s**3*(s - 1)*(t - 1)**3*(t + 1)**2*(t**2 + 1)*(t**2 + t + 1)
M_04 = s**4*(t - 1)**4*(t + 1)**2*(t**2 + 1)*(t**2 + t + 1)
M_10 = -(s - 1)*(t + 1)*(t**2 + 1)*(s*t - 1)*(s*t**2 - 1)*(s*t**4 - s*t**3 + s - t)/t**4
M_11 = -s*(s - 1)*(t - 1)*(t + 1)*(t**2 + 1)*(s*t - 1)*(t**2 + t + 1)*(s*t**3 - s*t**2 + s - t)/t**4
M_12 = -s**2*(s - 1)*(t - 1)**2*(t + 1)**2*(t**2 + 1)*(t**2 + t + 1)*(s*t**2 - s*t + s - t)/t**4
M_13 = -s**3*(s - 1)*(t - 1)**3*(t + 1)**2*(t**2 + 1)*(t**2 + t + 1)/t**3
M_20 = (s - 1)*(s - t)*(t**2 + 1)*(s*t - 1)*(t**2 + t + 1)*(s*t**4 - s*t**2 + s - t**2)/t**8
M_21 = s*(s - 1)*(s - t)*(t - 1)*(t + 1)*(t**2 + 1)*(t**2 + t + 1)*(s*t**3 - s*t + s - t**2)/t**8
M_22 = s**2*(s - 1)*(s - t)*(t - 1)**2*(t + 1)*(t**2 + 1)*(t**2 + t + 1)/t**6
M_30 = -(s - 1)*(s - t)*(s - t**2)*(t + 1)*(t**2 + 1)*(s*t**4 - s*t + s - t**3)/t**12
M_31 = -s*(s - 1)*(s - t)*(s - t**2)*(t - 1)*(t + 1)*(t**2 + 1)/t**9
M_40 = (s - 1)*(s - t)*(s - t**2)*(s - t**3)/t**12
coef of e_(r+0) e_4: s**4
coef of e_(r+1) e_3: s**3*(s - 1)*(t**2 - u)/(t**2*(t - 1))
coef of e_(r+2) e_2: -s**2*(s - 1)*(u - 1)*(s*t**3 - s*u - t**2 + t*u)/(t**2*(t - 1)**2*(t + 1))
coef of e_(r+3) e_1: -s*(s - 1)*(t**2*u - 1)*(s**2*t**5 - s**2*t**3*u - s**2*t**2*u + s**2*u**2 + s*t**4*u - s*t**4 + s*t**3*u - s*t**3 - s*t**2*u**2 + s*t**2*u - s*t*u**2 + s*t*u + t**3*u**2 - t**3*u - t**2*u + t**2)/(t**2*(t - 1)**3*(t + 1)*(t**2 + t + 1))
coef of e_(r+4) e_0: -(s - 1)*(t**4*u - 1)*(s**3*t**6 - s**3*t**5*u - s**3*t**4*u + s**3*t**3*u**2 - s**3*t**3*u + s**3*t**2*u**2 + s**3*t*u**2 - s**3*u**3 + s**2*t**6*u - s**2*t**5*u**2 + s**2*t**5*u - s**2*t**5 - 2*s**2*t**4*u**2 + 2*s**2*t**4*u - s**2*t**4 + s**2*t**3*u**3 - 2*s**2*t**3*u**2 + 2*s**2*t**3*u - s**2*t**3 + s**2*t**2*u**3 - 2*s**2*t**2*u**2 + 2*s**2*t**2*u + s**2*t*u**3 - s**2*t*u**2 + s**2*t*u - s**2*u**2 + s*t**6*u**2 - s*t**5*u**3 + s*t**5*u**2 - s*t**5*u - s*t**4*u**3 + 2*s*t**4*u**2 - 2*s*t**4*u - s*t**3*u**3 + 2*s*t**3*u**2 - 2*s*t**3*u + s*t**3 + 2*s*t**2*u**2 - 2*s*t**2*u + s*t**2 + s*t*u**2 - s*t*u + s*t - s*u + t**6*u**3 - t**5*u**2 - t**4*u**2 - t**3*u**2 + t**3*u + t**2*u + t*u - 1)/((t - 1)**4*(t + 1)**2*(t**2 + 1)*(t**2 + t + 1))
  (4, 0): diff = 0
  (0, 4): diff = 0
  (3, 1): diff = 0
  (2, 2): diff = 0
  (1, 3): diff = 0
P4 match Day 195 (symbolic in u=t^r): True
